// Jest Snapshot v1, https://goo.gl/fbAQLP

exports[`app.tsx Tests app rendering with newTab=false 1`] = `[Function]`;

exports[`app.tsx Tests app rendering with newTab=true 1`] = `[Function]`;

exports[`app.tsx Tests app rendering without newTab 1`] = `[Function]`;
