// Jest Snapshot v1, https://goo.gl/fbAQLP

exports[`AppCategory snapshot test 1`] = `[Function]`;
