// Jest Snapshot v1, https://goo.gl/fbAQLP

exports[`BookmarkGroup snapshot test 1`] = `[Function]`;

exports[`BookmarkList snapshot test 1`] = `[Function]`;
