// Jest Snapshot v1, https://goo.gl/fbAQLP

exports[`Greeter snapshot test 1`] = `[Function]`;
