// Jest Snapshot v1, https://goo.gl/fbAQLP

exports[`Icon test (no size) 1`] = `[Function]`;

exports[`Icon test 1`] = `[Function]`;

exports[`IconButton test 1`] = `[Function]`;
