// Jest Snapshot v1, https://goo.gl/fbAQLP

exports[`imprint.tsx Tests Imprint 1`] = `[Function]`;

exports[`imprint.tsx Tests ImprintField 1`] = `[Function]`;
