// Jest Snapshot v1, https://goo.gl/fbAQLP

exports[`select.tsx Tests select rendering 1`] = `[Function]`;
